[debug] [2026-08-15T15:11:50.472Z] ----------------------------------------------------------------------
[debug] [2026-08-15T15:11:50.473Z] Command:       /Users/rafaelrodriguez/.nvm/versions/node/v22.23.2/bin/node /Users/rafaelrodriguez/.npm/_npx/ba4f1959e38407b5/node_modules/.bin/firebase deploy --only auth --project pulse-app-93
[debug] [2026-08-15T15:11:50.474Z] CLI Version:   15.27.0
[debug] [2026-08-15T15:11:50.474Z] Platform:      darwin
[debug] [2026-08-15T15:11:50.474Z] Node Version:  v22.23.2
[debug] [2026-08-15T15:11:50.474Z] Detected Agent: antigravity
[debug] [2026-08-15T15:11:50.474Z] Time:          Sat Aug 15 2026 12:11:50 GMT-0300 (Argentina Standard Time)
[debug] [2026-08-15T15:11:50.474Z] ----------------------------------------------------------------------
[debug] 
[debug] [2026-08-15T15:11:51.116Z] > command requires scopes: ["email","openid","https://www.googleapis.com/auth/cloudplatformprojects.readonly","https://www.googleapis.com/auth/firebase","https://www.googleapis.com/auth/cloud-platform"]
[debug] [2026-08-15T15:11:51.116Z] > authorizing via signed-in user (rafa@cactus.do)
[debug] [2026-08-15T15:11:51.116Z] [iam] checking project pulse-app-93 for permissions ["firebase.projects.get","firebase.projects.update","firebaseauth.configs.update"]
[debug] [2026-08-15T15:11:51.123Z] Checked if tokens are valid: false, expires at: 1786803413604
[debug] [2026-08-15T15:11:51.123Z] Checked if tokens are valid: false, expires at: 1786803413604
[debug] [2026-08-15T15:11:51.123Z] > refreshing access token with scopes: []
[debug] [2026-08-15T15:11:51.124Z] >>> [apiv2][query] POST https://www.googleapis.com/oauth2/v3/token [none]
[debug] [2026-08-15T15:11:51.124Z] >>> [apiv2][body] POST https://www.googleapis.com/oauth2/v3/token [omitted]
[debug] [2026-08-15T15:11:51.239Z] <<< [apiv2][status] POST https://www.googleapis.com/oauth2/v3/token 200
[debug] [2026-08-15T15:11:51.239Z] <<< [apiv2][body] POST https://www.googleapis.com/oauth2/v3/token [omitted]
[debug] [2026-08-15T15:11:51.262Z] >>> [apiv2][query] POST https://cloudresourcemanager.googleapis.com/v1/projects/pulse-app-93:testIamPermissions [none]
[debug] [2026-08-15T15:11:51.262Z] >>> [apiv2][(partial)header] POST https://cloudresourcemanager.googleapis.com/v1/projects/pulse-app-93:testIamPermissions  x-goog-user-project=pulse-app-93
[debug] [2026-08-15T15:11:51.262Z] >>> [apiv2][body] POST https://cloudresourcemanager.googleapis.com/v1/projects/pulse-app-93:testIamPermissions {"permissions":["firebase.projects.get","firebase.projects.update","firebaseauth.configs.update"]}
[debug] [2026-08-15T15:11:52.166Z] <<< [apiv2][status] POST https://cloudresourcemanager.googleapis.com/v1/projects/pulse-app-93:testIamPermissions 403
[debug] [2026-08-15T15:11:52.166Z] <<< [apiv2][body] POST https://cloudresourcemanager.googleapis.com/v1/projects/pulse-app-93:testIamPermissions {"error":{"code":403,"message":"Caller does not have required permission to use project pulse-app-93. Grant the caller the roles/serviceusage.serviceUsageConsumer role, or a custom role with the serviceusage.services.use permission, by visiting https://console.developers.google.com/iam-admin/iam?project=pulse-app-93 and then retry. Propagation of the new permission may take a few minutes.","status":"PERMISSION_DENIED","details":[{"@type":"type.googleapis.com/google.rpc.ErrorInfo","reason":"USER_PROJECT_DENIED","domain":"googleapis.com","metadata":{"containerInfo":"pulse-app-93","consoleUrl":"https://console.developers.google.com/iam-admin/iam?project=pulse-app-93","consumer":"projects/pulse-app-93","service":"cloudresourcemanager.googleapis.com"}},{"@type":"type.googleapis.com/google.rpc.LocalizedMessage","locale":"en-US","message":"Caller does not have required permission to use project pulse-app-93. Grant the caller the roles/serviceusage.serviceUsageConsumer role, or a custom role with the serviceusage.services.use permission, by visiting https://console.developers.google.com/iam-admin/iam?project=pulse-app-93 and then retry. Propagation of the new permission may take a few minutes."},{"@type":"type.googleapis.com/google.rpc.Help","links":[{"description":"Google developer console IAM admin","url":"https://console.developers.google.com/iam-admin/iam?project=pulse-app-93"}]}]}}
[debug] [2026-08-15T15:11:52.167Z] [iam] error while checking permissions, command may fail: Request to https://cloudresourcemanager.googleapis.com/v1/projects/pulse-app-93:testIamPermissions had HTTP Error: 403, Caller does not have required permission to use project pulse-app-93. Grant the caller the roles/serviceusage.serviceUsageConsumer role, or a custom role with the serviceusage.services.use permission, by visiting https://console.developers.google.com/iam-admin/iam?project=pulse-app-93 and then retry. Propagation of the new permission may take a few minutes.
[info] 
[info] === Deploying to 'pulse-app-93'...
[info] 
[info] i  deploying auth 
[debug] [2026-08-15T15:11:52.168Z] Checked if tokens are valid: true, expires at: 1786810310239
[debug] [2026-08-15T15:11:52.168Z] Checked if tokens are valid: true, expires at: 1786810310239
[debug] [2026-08-15T15:11:52.168Z] >>> [apiv2][query] GET https://firebase.googleapis.com/v1beta1/projects/pulse-app-93/webApps pageSize=100
[debug] [2026-08-15T15:11:52.627Z] <<< [apiv2][status] GET https://firebase.googleapis.com/v1beta1/projects/pulse-app-93/webApps 403
[debug] [2026-08-15T15:11:52.627Z] <<< [apiv2][body] GET https://firebase.googleapis.com/v1beta1/projects/pulse-app-93/webApps {"error":{"code":403,"message":"The caller does not have permission","status":"PERMISSION_DENIED"}}
[debug] [2026-08-15T15:11:52.628Z] Request to https://firebase.googleapis.com/v1beta1/projects/pulse-app-93/webApps?pageSize=100 had HTTP Error: 403, The caller does not have permission
[debug] [2026-08-15T15:11:52.629Z] FirebaseError: Request to https://firebase.googleapis.com/v1beta1/projects/pulse-app-93/webApps?pageSize=100 had HTTP Error: 403, The caller does not have permission
    at responseToError (/Users/rafaelrodriguez/.npm/_npx/ba4f1959e38407b5/node_modules/firebase-tools/lib/responseToError.js:53:12)
    at RetryOperation._fn (/Users/rafaelrodriguez/.npm/_npx/ba4f1959e38407b5/node_modules/firebase-tools/lib/apiv2.js:415:77)
    at process.processTicksAndRejections (node:internal/process/task_queues:103:5)
[error] 
[error] Error: Failed to list Firebase WEB apps. See firebase-debug.log for more info.
